Using shader api: shaderapiempty.dll
qdir:    "x:\storage\steam\steamapps\common\left 4 dead 2\left4dead2\addons\helpers\.work\qc\charger\"
gamedir: "X:\Storage\Steam\steamapps\common\Left 4 Dead 2\left4dead2\addons\helpers\.work\compile\"
g_path:  "X:\Storage\Steam\steamapps\common\Left 4 Dead 2\left4dead2\addons\helpers\.work\qc\charger\charger.qc"
Building binary model files...
Working on "charger.qc"
SMD MODEL charger_proxy.smd
Processing LOD for material: proxy_charger
---------------------
writing X:\Storage\Steam\steamapps\common\Left 4 Dead 2\left4dead2\addons\helpers\.work\compile\models/infected/charger.mdl:
bones        10404 bytes (38)
animations     132 bytes (1 anims) (1 frames) [0:00]
sequences      368 bytes (1 seq) 
ik/pose        164 bytes
eyeballs         0 bytes (0 eyeballs)
flexes           0 bytes (0 flexes)
textures        72 bytes
keyvalues        0 bytes
bone transforms     5232 bytes
Please check if you need to delete X:\Storage\Steam\steamapps\common\Left 4 Dead 2\left4dead2\addons\helpers\.work\compile\models/infected/charger.phz
collision        0 bytes
total        17116
---------------------
writing X:\Storage\Steam\steamapps\common\Left 4 Dead 2\left4dead2\addons\helpers\.work\compile\models/infected/charger.vvd:
vertices     17280 bytes (360 vertices)
tangents      5760 bytes (360 vertices)
total        23104 bytes
---------------------
Generating optimized mesh "X:\Storage\Steam\steamapps\common\Left 4 Dead 2\left4dead2\addons\helpers\.work\compile\models/infected/charger.dx90.vtx":
body parts:         8 bytes
models:            20 bytes
model LODs:        12 bytes
meshes:             9 bytes
strip groups:      25 bytes
strips:            27 bytes
verts:           3240 bytes
indices:         1080 bytes
bone changes:     128 bytes
everything:      4573 bytes

Completed "charger.qc"
CDynamicFunction: Loading library 'Kernel32.dll' (766D0000)
CDynamicFunction: Lookup of 'TryEnterCriticalSection' in 'Kernel32.dll': 77C865B0
CDynamicFunction: Loading library 'psapi.dll' (761D0000)
CDynamicFunction: Lookup of 'GetProcessMemoryInfo' in 'psapi.dll': 761D1530
CDynamicFunction: Closing library 'psapi.dll' (761D0000)
CDynamicFunction: Closing library 'Kernel32.dll' (766D0000)
