Using shader api: shaderapiempty.dll
qdir:    "x:\storage\steam\steamapps\common\left 4 dead 2\left4dead2\addons\helpers\.work\qc\common_male_tanktop_overalls_rain\"
gamedir: "X:\Storage\Steam\steamapps\common\Left 4 Dead 2\left4dead2\addons\helpers\.work\compile\"
g_path:  "X:\Storage\Steam\steamapps\common\Left 4 Dead 2\left4dead2\addons\helpers\.work\qc\common_male_tanktop_overalls_rain\common_male_tanktop_overalls_rain.qc"
Building binary model files...
Working on "common_male_tanktop_overalls_rain.qc"
SMD MODEL common_male_tanktop_overalls_rain_proxy.smd
Processing LOD for material: proxy_common
---------------------
writing X:\Storage\Steam\steamapps\common\Left 4 Dead 2\left4dead2\addons\helpers\.work\compile\models/infected/common_male_tankTop_overalls_rain.mdl:
bones        10692 bytes (33)
animations     124 bytes (1 anims) (1 frames) [0:00]
sequences      348 bytes (1 seq) 
ik/pose        164 bytes
eyeballs         0 bytes (0 eyeballs)
flexes           0 bytes (0 flexes)
textures        72 bytes
keyvalues        0 bytes
bone transforms     4552 bytes
Please check if you need to delete X:\Storage\Steam\steamapps\common\Left 4 Dead 2\left4dead2\addons\helpers\.work\compile\models/infected/common_male_tankTop_overalls_rain.phz
collision        0 bytes
total        17224
---------------------
writing X:\Storage\Steam\steamapps\common\Left 4 Dead 2\left4dead2\addons\helpers\.work\compile\models/infected/common_male_tankTop_overalls_rain.vvd:
vertices     26496 bytes (552 vertices)
tangents      8832 bytes (552 vertices)
total        35392 bytes
---------------------
Generating optimized mesh "X:\Storage\Steam\steamapps\common\Left 4 Dead 2\left4dead2\addons\helpers\.work\compile\models/infected/common_male_tankTop_overalls_rain.dx90.vtx":
body parts:         8 bytes
models:            20 bytes
model LODs:        12 bytes
meshes:             9 bytes
strip groups:      25 bytes
strips:            27 bytes
verts:           4968 bytes
indices:         1656 bytes
bone changes:      96 bytes
everything:      6845 bytes

Completed "common_male_tanktop_overalls_rain.qc"
CDynamicFunction: Loading library 'Kernel32.dll' (766D0000)
CDynamicFunction: Lookup of 'TryEnterCriticalSection' in 'Kernel32.dll': 77C865B0
CDynamicFunction: Loading library 'psapi.dll' (761D0000)
CDynamicFunction: Lookup of 'GetProcessMemoryInfo' in 'psapi.dll': 761D1530
CDynamicFunction: Closing library 'psapi.dll' (761D0000)
CDynamicFunction: Closing library 'Kernel32.dll' (766D0000)
