Using shader api: shaderapiempty.dll
qdir:    "d:\storage\l4d2_cv_infected\.work\qc\common_tsaagent_male01\"
gamedir: "D:\Storage\l4d2_cv_infected\.work\compile\"
g_path:  "D:\Storage\l4d2_cv_infected\.work\qc\common_tsaagent_male01\common_tsaagent_male01.qc"
Building binary model files...
Working on "common_tsaagent_male01.qc"
SMD MODEL common_tsaagent_male01_proxy.smd
Processing LOD for material: proxy_common
---------------------
writing D:\Storage\l4d2_cv_infected\.work\compile\models/infected/common_tsaagent_male01.mdl:
bones        10692 bytes (33)
animations     124 bytes (1 anims) (1 frames) [0:00]
sequences      348 bytes (1 seq) 
ik/pose        164 bytes
eyeballs         0 bytes (0 eyeballs)
flexes           0 bytes (0 flexes)
textures        72 bytes
keyvalues        0 bytes
bone transforms     4552 bytes
Please check if you need to delete D:\Storage\l4d2_cv_infected\.work\compile\models/infected/common_tsaagent_male01.phz
collision        0 bytes
total        17180
---------------------
writing D:\Storage\l4d2_cv_infected\.work\compile\models/infected/common_tsaagent_male01.vvd:
vertices     26496 bytes (552 vertices)
tangents      8832 bytes (552 vertices)
total        35392 bytes
---------------------
Generating optimized mesh "D:\Storage\l4d2_cv_infected\.work\compile\models/infected/common_tsaagent_male01.dx90.vtx":
body parts:         8 bytes
models:            20 bytes
model LODs:        12 bytes
meshes:             9 bytes
strip groups:      25 bytes
strips:            27 bytes
verts:           4968 bytes
indices:         1656 bytes
bone changes:      96 bytes
everything:      6845 bytes

Completed "common_tsaagent_male01.qc"
CDynamicFunction: Loading library 'Kernel32.dll' (766D0000)
CDynamicFunction: Lookup of 'TryEnterCriticalSection' in 'Kernel32.dll': 77C865B0
CDynamicFunction: Loading library 'psapi.dll' (761D0000)
CDynamicFunction: Lookup of 'GetProcessMemoryInfo' in 'psapi.dll': 761D1530
CDynamicFunction: Closing library 'psapi.dll' (761D0000)
CDynamicFunction: Closing library 'Kernel32.dll' (766D0000)
