Using shader api: shaderapiempty.dll
qdir:    "x:\storage\steam\steamapps\common\left 4 dead 2\left4dead2\addons\helpers\.work\qc\exploded_boomer\"
gamedir: "X:\Storage\Steam\steamapps\common\Left 4 Dead 2\left4dead2\addons\helpers\.work\compile\"
g_path:  "X:\Storage\Steam\steamapps\common\Left 4 Dead 2\left4dead2\addons\helpers\.work\qc\exploded_boomer\exploded_boomer.qc"
Building binary model files...
Working on "exploded_boomer.qc"
SMD MODEL exploded_boomer_proxy.smd
Processing LOD for material: proxy_gibs
---------------------
writing X:\Storage\Steam\steamapps\common\Left 4 Dead 2\left4dead2\addons\helpers\.work\compile\models/infected/limbs/exploded_boomer.mdl:
bones        10544 bytes (42)
animations     128 bytes (1 anims) (1 frames) [0:00]
sequences      384 bytes (1 seq) 
ik/pose        164 bytes
eyeballs         0 bytes (0 eyeballs)
flexes           0 bytes (0 flexes)
textures        72 bytes
keyvalues        0 bytes
bone transforms     5776 bytes
Please check if you need to delete X:\Storage\Steam\steamapps\common\Left 4 Dead 2\left4dead2\addons\helpers\.work\compile\models/infected/limbs/exploded_boomer.phz
collision        0 bytes
total        18256
---------------------
writing X:\Storage\Steam\steamapps\common\Left 4 Dead 2\left4dead2\addons\helpers\.work\compile\models/infected/limbs/exploded_boomer.vvd:
vertices      8064 bytes (168 vertices)
tangents      2688 bytes (168 vertices)
total        10816 bytes
---------------------
Generating optimized mesh "X:\Storage\Steam\steamapps\common\Left 4 Dead 2\left4dead2\addons\helpers\.work\compile\models/infected/limbs/exploded_boomer.dx90.vtx":
body parts:         8 bytes
models:            20 bytes
model LODs:        12 bytes
meshes:             9 bytes
strip groups:      25 bytes
strips:            27 bytes
verts:           1512 bytes
indices:          504 bytes
bone changes:      64 bytes
everything:      2205 bytes

Completed "exploded_boomer.qc"
CDynamicFunction: Loading library 'Kernel32.dll' (766D0000)
CDynamicFunction: Lookup of 'TryEnterCriticalSection' in 'Kernel32.dll': 77C865B0
CDynamicFunction: Loading library 'psapi.dll' (761D0000)
CDynamicFunction: Lookup of 'GetProcessMemoryInfo' in 'psapi.dll': 761D1530
CDynamicFunction: Closing library 'psapi.dll' (761D0000)
CDynamicFunction: Closing library 'Kernel32.dll' (766D0000)
