Using shader api: shaderapiempty.dll
qdir:    "x:\storage\steam\steamapps\common\left 4 dead 2\left4dead2\addons\helpers\.work\qc\hulk\"
gamedir: "X:\Storage\Steam\steamapps\common\Left 4 Dead 2\left4dead2\addons\helpers\.work\compile\"
g_path:  "X:\Storage\Steam\steamapps\common\Left 4 Dead 2\left4dead2\addons\helpers\.work\qc\hulk\hulk.qc"
Building binary model files...
Working on "hulk.qc"
SMD MODEL hulk_proxy.smd
Processing LOD for material: proxy_tank
---------------------
writing X:\Storage\Steam\steamapps\common\Left 4 Dead 2\left4dead2\addons\helpers\.work\compile\models/infected/hulk.mdl:
bones        15040 bytes (56)
animations     128 bytes (1 anims) (1 frames) [0:00]
sequences      440 bytes (1 seq) 
ik/pose        164 bytes
eyeballs         0 bytes (0 eyeballs)
flexes           0 bytes (0 flexes)
textures        72 bytes
keyvalues        0 bytes
bone transforms     7680 bytes
Please check if you need to delete X:\Storage\Steam\steamapps\common\Left 4 Dead 2\left4dead2\addons\helpers\.work\compile\models/infected/hulk.phz
collision        0 bytes
total        25296
---------------------
writing X:\Storage\Steam\steamapps\common\Left 4 Dead 2\left4dead2\addons\helpers\.work\compile\models/infected/hulk.vvd:
vertices     21888 bytes (456 vertices)
tangents      7296 bytes (456 vertices)
total        29248 bytes
---------------------
Generating optimized mesh "X:\Storage\Steam\steamapps\common\Left 4 Dead 2\left4dead2\addons\helpers\.work\compile\models/infected/hulk.dx90.vtx":
body parts:         8 bytes
models:            20 bytes
model LODs:        12 bytes
meshes:             9 bytes
strip groups:      25 bytes
strips:            27 bytes
verts:           4104 bytes
indices:         1368 bytes
bone changes:     160 bytes
everything:      5757 bytes

Completed "hulk.qc"
CDynamicFunction: Loading library 'Kernel32.dll' (766D0000)
CDynamicFunction: Lookup of 'TryEnterCriticalSection' in 'Kernel32.dll': 77C865B0
CDynamicFunction: Loading library 'psapi.dll' (761D0000)
CDynamicFunction: Lookup of 'GetProcessMemoryInfo' in 'psapi.dll': 761D1530
CDynamicFunction: Closing library 'psapi.dll' (761D0000)
CDynamicFunction: Closing library 'Kernel32.dll' (766D0000)
