Using shader api: shaderapiempty.dll
qdir:    "d:\storage\l4d2_cv_infected\.work\qc\hulk_l4d1\"
gamedir: "D:\Storage\l4d2_cv_infected\.work\compile\"
g_path:  "D:\Storage\l4d2_cv_infected\.work\qc\hulk_l4d1\hulk_l4d1.qc"
Building binary model files...
Working on "hulk_l4d1.qc"
SMD MODEL hulk_l4d1_proxy.smd
Processing LOD for material: proxy_tank
---------------------
writing D:\Storage\l4d2_cv_infected\.work\compile\models/infected/hulk_l4d1.mdl:
bones        15132 bytes (56)
animations     116 bytes (1 anims) (1 frames) [0:00]
sequences      440 bytes (1 seq) 
ik/pose        164 bytes
eyeballs         0 bytes (0 eyeballs)
flexes           0 bytes (0 flexes)
textures        72 bytes
keyvalues        0 bytes
bone transforms     7680 bytes
Please check if you need to delete D:\Storage\l4d2_cv_infected\.work\compile\models/infected/hulk_l4d1.phz
collision        0 bytes
total        25384
---------------------
writing D:\Storage\l4d2_cv_infected\.work\compile\models/infected/hulk_l4d1.vvd:
vertices     21888 bytes (456 vertices)
tangents      7296 bytes (456 vertices)
total        29248 bytes
---------------------
Generating optimized mesh "D:\Storage\l4d2_cv_infected\.work\compile\models/infected/hulk_l4d1.dx90.vtx":
body parts:         8 bytes
models:            20 bytes
model LODs:        12 bytes
meshes:             9 bytes
strip groups:      25 bytes
strips:            27 bytes
verts:           4104 bytes
indices:         1368 bytes
bone changes:     160 bytes
everything:      5757 bytes

Completed "hulk_l4d1.qc"
CDynamicFunction: Loading library 'Kernel32.dll' (766D0000)
CDynamicFunction: Lookup of 'TryEnterCriticalSection' in 'Kernel32.dll': 77C865B0
CDynamicFunction: Loading library 'psapi.dll' (761D0000)
CDynamicFunction: Lookup of 'GetProcessMemoryInfo' in 'psapi.dll': 761D1530
CDynamicFunction: Closing library 'psapi.dll' (761D0000)
CDynamicFunction: Closing library 'Kernel32.dll' (766D0000)
