Using shader api: shaderapiempty.dll
qdir:    "d:\storage\l4d2_cv_infected\.work\qc\hunter_l4d1\"
gamedir: "D:\Storage\l4d2_cv_infected\.work\compile\"
g_path:  "D:\Storage\l4d2_cv_infected\.work\qc\hunter_l4d1\hunter_l4d1.qc"
Building binary model files...
Working on "hunter_l4d1.qc"
SMD MODEL hunter_l4d1_proxy.smd
Processing LOD for material: proxy_hunter
---------------------
writing D:\Storage\l4d2_cv_infected\.work\compile\models/infected/hunter_l4d1.mdl:
bones        13888 bytes (53)
animations     136 bytes (1 anims) (1 frames) [0:00]
sequences      428 bytes (1 seq) 
ik/pose        164 bytes
eyeballs         0 bytes (0 eyeballs)
flexes           0 bytes (0 flexes)
textures        72 bytes
keyvalues        0 bytes
bone transforms     7272 bytes
Please check if you need to delete D:\Storage\l4d2_cv_infected\.work\compile\models/infected/hunter_l4d1.phz
collision        0 bytes
total        23628
---------------------
writing D:\Storage\l4d2_cv_infected\.work\compile\models/infected/hunter_l4d1.vvd:
vertices     19584 bytes (408 vertices)
tangents      6528 bytes (408 vertices)
total        26176 bytes
---------------------
Generating optimized mesh "D:\Storage\l4d2_cv_infected\.work\compile\models/infected/hunter_l4d1.dx90.vtx":
body parts:         8 bytes
models:            20 bytes
model LODs:        12 bytes
meshes:             9 bytes
strip groups:      25 bytes
strips:            27 bytes
verts:           3672 bytes
indices:         1224 bytes
bone changes:     144 bytes
everything:      5165 bytes

Completed "hunter_l4d1.qc"
CDynamicFunction: Loading library 'Kernel32.dll' (766D0000)
CDynamicFunction: Lookup of 'TryEnterCriticalSection' in 'Kernel32.dll': 77C865B0
CDynamicFunction: Loading library 'psapi.dll' (761D0000)
CDynamicFunction: Lookup of 'GetProcessMemoryInfo' in 'psapi.dll': 761D1530
CDynamicFunction: Closing library 'psapi.dll' (761D0000)
CDynamicFunction: Closing library 'Kernel32.dll' (766D0000)
