Using shader api: shaderapiempty.dll
qdir:    "d:\storage\l4d2_cv_infected\.work\qc\witch_bride\"
gamedir: "D:\Storage\l4d2_cv_infected\.work\compile\"
g_path:  "D:\Storage\l4d2_cv_infected\.work\qc\witch_bride\witch_bride.qc"
Building binary model files...
Working on "witch_bride.qc"
SMD MODEL witch_bride_proxy.smd
Processing LOD for material: proxy_witch
---------------------
writing D:\Storage\l4d2_cv_infected\.work\compile\models/infected/witch_bride.mdl:
bones        18320 bytes (73)
animations     136 bytes (1 anims) (1 frames) [0:00]
sequences      508 bytes (1 seq) 
ik/pose        164 bytes
eyeballs         0 bytes (0 eyeballs)
flexes           0 bytes (0 flexes)
textures        72 bytes
keyvalues        0 bytes
bone transforms     9992 bytes
Please check if you need to delete D:\Storage\l4d2_cv_infected\.work\compile\models/infected/witch_bride.phz
collision        0 bytes
total        31448
---------------------
writing D:\Storage\l4d2_cv_infected\.work\compile\models/infected/witch_bride.vvd:
vertices     19584 bytes (408 vertices)
tangents      6528 bytes (408 vertices)
total        26176 bytes
---------------------
Generating optimized mesh "D:\Storage\l4d2_cv_infected\.work\compile\models/infected/witch_bride.dx90.vtx":
body parts:         8 bytes
models:            20 bytes
model LODs:        12 bytes
meshes:             9 bytes
strip groups:      25 bytes
strips:            27 bytes
verts:           3672 bytes
indices:         1224 bytes
bone changes:     144 bytes
everything:      5165 bytes

Completed "witch_bride.qc"
CDynamicFunction: Loading library 'Kernel32.dll' (766D0000)
CDynamicFunction: Lookup of 'TryEnterCriticalSection' in 'Kernel32.dll': 77C865B0
CDynamicFunction: Loading library 'psapi.dll' (761D0000)
CDynamicFunction: Lookup of 'GetProcessMemoryInfo' in 'psapi.dll': 761D1530
CDynamicFunction: Closing library 'psapi.dll' (761D0000)
CDynamicFunction: Closing library 'Kernel32.dll' (766D0000)
